2026-09-20 16:10:37 | INFO | P04 | === RUN START ===
2026-09-20 16:10:37 | INFO | P04 | project=P04 - EXPLORATORY DATA ANALYSIS
2026-09-20 16:10:37 | INFO | P04 | repo_dir=datafun-04-eda
2026-09-20 16:10:37 | INFO | P04 | python=3.14.7
2026-09-20 16:10:37 | INFO | P04 | os=Windows 11
2026-09-20 16:10:37 | INFO | P04 | shell=powershell
2026-09-20 16:10:37 | INFO | P04 | cwd=.
2026-09-20 16:10:37 | INFO | P04 | github_actions=False
2026-09-20 16:10:37 | INFO | P04 | ===================================
2026-09-20 16:10:37 | INFO | P04 | START main()
2026-09-20 16:10:37 | INFO | P04 | ===================================
2026-09-20 16:10:37 | INFO | P04 | -------------------------------
2026-09-20 16:10:37 | INFO | P04 | 01. LOAD the data.
2026-09-20 16:10:37 | INFO | P04 | -------------------------------
2026-09-20 16:10:37 | INFO | P04 | Loading Seaborn dataset: penguins
2026-09-20 16:10:38 | INFO | P04 | Loaded: 344 rows, 7 columns
2026-09-20 16:10:38 | INFO | P04 | -------------------------------
2026-09-20 16:10:38 | INFO | P04 | 02. INSPECT the data.
2026-09-20 16:10:38 | INFO | P04 | -------------------------------
2026-09-20 16:10:38 | DEBUG | P04 |
DATA INSPECTION

Grain:
one observed penguin

Shape:
344 rows
7 columns

Columns:
['species', 'island', 'bill_length_mm', 'bill_depth_mm', 'flipper_length_mm', 'body_mass_g', 'sex']

2026-09-20 16:10:38 | INFO | P04 |
DATA INSPECTION

Grain:
one observed penguin

Shape:
344 rows
7 columns

Columns:
['species', 'island', 'bill_length_mm', 'bill_depth_mm', 'flipper_length_mm', 'body_mass_g', 'sex']

2026-09-20 16:10:38 | INFO | P04 | -------------------------------
2026-09-20 16:10:38 | INFO | P04 | 03. CHECK data quality.
2026-09-20 16:10:38 | INFO | P04 | -------------------------------
2026-09-20 16:10:38 | DEBUG | P04 |
              column    dtype  non_missing_count  missing_count  missing_pct  unique_count
0            species      str                344              0         0.00             3
1             island      str                344              0         0.00             3
2     bill_length_mm  float64                342              2         0.58           164
3      bill_depth_mm  float64                342              2         0.58            80
4  flipper_length_mm  float64                342              2         0.58            55
5        body_mass_g  float64                342              2         0.58            94
6                sex      str                333             11         3.20             2
2026-09-20 16:10:38 | INFO | P04 |
              column    dtype  non_missing_count  missing_count  missing_pct  unique_count
0            species      str                344              0         0.00             3
1             island      str                344              0         0.00             3
2     bill_length_mm  float64                342              2         0.58           164
3      bill_depth_mm  float64                342              2         0.58            80
4  flipper_length_mm  float64                342              2         0.58            55
5        body_mass_g  float64                342              2         0.58            94
6                sex      str                333             11         3.20             2
2026-09-20 16:10:38 | DEBUG | P04 |
sex                  11
bill_depth_mm         2
bill_length_mm        2
flipper_length_mm     2
body_mass_g           2
island                0
species               0
dtype: int64
2026-09-20 16:10:38 | INFO | P04 |
Missing values:
sex                  11
bill_depth_mm         2
bill_length_mm        2
flipper_length_mm     2
body_mass_g           2
island                0
species               0
dtype: int64
2026-09-20 16:10:38 | INFO | P04 | Duplicate rows detected: 0
2026-09-20 16:10:38 | INFO | P04 | Duplicate rows: 0
2026-09-20 16:10:39 | INFO | P04 | -------------------------------
2026-09-20 16:10:39 | INFO | P04 | 04. DESCRIBE numeric variables.
2026-09-20 16:10:39 | INFO | P04 | -------------------------------
2026-09-20 16:10:39 | DEBUG | P04 |
                   count         mean         std     min       25%      50%     75%     max
bill_length_mm     342.0    43.921930    5.459584    32.1    39.225    44.45    48.5    59.6
bill_depth_mm      342.0    17.151170    1.974793    13.1    15.600    17.30    18.7    21.5
flipper_length_mm  342.0   200.915205   14.061714   172.0   190.000   197.00   213.0   231.0
body_mass_g        342.0  4201.754386  801.954536  2700.0  3550.000  4050.00  4750.0  6300.0
2026-09-20 16:10:39 | INFO | P04 |
                   count         mean         std     min       25%      50%     75%     max
bill_length_mm     342.0    43.921930    5.459584    32.1    39.225    44.45    48.5    59.6
bill_depth_mm      342.0    17.151170    1.974793    13.1    15.600    17.30    18.7    21.5
flipper_length_mm  342.0   200.915205   14.061714   172.0   190.000   197.00   213.0   231.0
body_mass_g        342.0  4201.754386  801.954536  2700.0  3550.000  4050.00  4750.0  6300.0
2026-09-20 16:10:39 | INFO | P04 | -------------------------------
2026-09-20 16:10:39 | INFO | P04 | 05. VISUALIZE distributions.
2026-09-20 16:10:39 | INFO | P04 | -------------------------------
2026-09-20 16:10:40 | INFO | P04 | -------------------------------
2026-09-20 16:10:40 | INFO | P04 | 06. EXPLORE relationships (e.g., between 2 numeric variables).
2026-09-20 16:10:40 | INFO | P04 | -------------------------------
2026-09-20 16:10:40 | INFO | P04 | Correlation between flipper_length_mm and body_mass_g: 0.871
2026-09-20 16:10:40 | INFO | P04 | Correlation between flipper_length_mm and body_mass_g: 0.871
2026-09-20 16:10:40 | INFO | P04 | -------------------------------
2026-09-20 16:10:40 | INFO | P04 | 07. SUMMARIZE what you found.
2026-09-20 16:10:40 | INFO | P04 | -------------------------------
2026-09-20 16:10:40 | INFO | P04 | CUSTOM OBSERVATIONS:
    The dataset contains penguin measurements.
    Some observations (rows) are complete, but some are missing values.

    I reviewed the relationship between:
    Flipper length vs. body mass
    and it shows a positive relationship.

    Based on this EDA, I would next like to review additional
    relationships between other numeric variables.
    Marimo (reactive notebook cells) might be a good choice
    for additional exploration.

2026-09-20 16:10:40 | INFO | P04 | -------------------------------
2026-09-20 16:10:40 | INFO | P04 | 08. DISPLAY the charts.
2026-09-20 16:10:40 | INFO | P04 | -------------------------------
2026-09-20 16:10:40 | INFO | P04 | In a script, call plt.show() at the end to display all charts.
2026-09-20 16:10:40 | INFO | P04 | Close all chart windows (with the close button) to continue.
2026-09-20 16:11:56 | INFO | P04 | ===================================
2026-09-20 16:11:56 | INFO | P04 | END main() - Executed successfully!
2026-09-20 16:11:56 | INFO | P04 | ===================================
2026-09-20 17:35:10 | INFO | P04 | === RUN START ===
2026-09-20 17:35:10 | INFO | P04 | project=P04 - EXPLORATORY DATA ANALYSIS
2026-09-20 17:35:10 | INFO | P04 | repo_dir=datafun-04-eda
2026-09-20 17:35:10 | INFO | P04 | python=3.14.7
2026-09-20 17:35:10 | INFO | P04 | os=Windows 11
2026-09-20 17:35:10 | INFO | P04 | shell=powershell
2026-09-20 17:35:10 | INFO | P04 | cwd=.
2026-09-20 17:35:10 | INFO | P04 | github_actions=False
2026-09-20 17:35:10 | INFO | P04 | ===================================
2026-09-20 17:35:10 | INFO | P04 | START main()
2026-09-20 17:35:10 | INFO | P04 | ===================================
2026-09-20 17:35:10 | INFO | P04 | -------------------------------
2026-09-20 17:35:10 | INFO | P04 | 01. LOAD the data.
2026-09-20 17:35:10 | INFO | P04 | -------------------------------
2026-09-20 17:35:10 | INFO | P04 | Loading Seaborn dataset: penguins
2026-09-20 17:35:10 | INFO | P04 | Loaded: 344 rows, 7 columns
2026-09-20 17:35:10 | INFO | P04 | -------------------------------
2026-09-20 17:35:10 | INFO | P04 | 02. INSPECT the data.
2026-09-20 17:35:10 | INFO | P04 | -------------------------------
2026-09-20 17:35:10 | DEBUG | P04 |
DATA INSPECTION

Grain:
one observed penguin

Shape:
344 rows
7 columns

Columns:
['species', 'island', 'bill_length_mm', 'bill_depth_mm', 'flipper_length_mm', 'body_mass_g', 'sex']

2026-09-20 17:35:10 | INFO | P04 |
DATA INSPECTION

Grain:
one observed penguin

Shape:
344 rows
7 columns

Columns:
['species', 'island', 'bill_length_mm', 'bill_depth_mm', 'flipper_length_mm', 'body_mass_g', 'sex']

2026-09-20 17:35:10 | INFO | P04 | -------------------------------
2026-09-20 17:35:10 | INFO | P04 | 03. CHECK data quality.
2026-09-20 17:35:10 | INFO | P04 | -------------------------------
2026-09-20 17:35:10 | DEBUG | P04 |
              column    dtype  non_missing_count  missing_count  missing_pct  unique_count
0            species      str                344              0         0.00             3
1             island      str                344              0         0.00             3
2     bill_length_mm  float64                342              2         0.58           164
3      bill_depth_mm  float64                342              2         0.58            80
4  flipper_length_mm  float64                342              2         0.58            55
5        body_mass_g  float64                342              2         0.58            94
6                sex      str                333             11         3.20             2
2026-09-20 17:35:10 | INFO | P04 |
              column    dtype  non_missing_count  missing_count  missing_pct  unique_count
0            species      str                344              0         0.00             3
1             island      str                344              0         0.00             3
2     bill_length_mm  float64                342              2         0.58           164
3      bill_depth_mm  float64                342              2         0.58            80
4  flipper_length_mm  float64                342              2         0.58            55
5        body_mass_g  float64                342              2         0.58            94
6                sex      str                333             11         3.20             2
2026-09-20 17:35:10 | DEBUG | P04 |
sex                  11
bill_depth_mm         2
bill_length_mm        2
flipper_length_mm     2
body_mass_g           2
island                0
species               0
dtype: int64
2026-09-20 17:35:10 | INFO | P04 |
Missing values:
sex                  11
bill_depth_mm         2
bill_length_mm        2
flipper_length_mm     2
body_mass_g           2
island                0
species               0
dtype: int64
2026-09-20 17:35:10 | INFO | P04 | Duplicate rows detected: 0
2026-09-20 17:35:10 | INFO | P04 | Duplicate rows: 0
2026-09-20 17:35:10 | INFO | P04 | -------------------------------
2026-09-20 17:35:10 | INFO | P04 | 04. DESCRIBE numeric variables.
2026-09-20 17:35:10 | INFO | P04 | -------------------------------
2026-09-20 17:35:10 | DEBUG | P04 |
                   count         mean         std     min       25%      50%     75%     max
bill_length_mm     342.0    43.921930    5.459584    32.1    39.225    44.45    48.5    59.6
bill_depth_mm      342.0    17.151170    1.974793    13.1    15.600    17.30    18.7    21.5
flipper_length_mm  342.0   200.915205   14.061714   172.0   190.000   197.00   213.0   231.0
body_mass_g        342.0  4201.754386  801.954536  2700.0  3550.000  4050.00  4750.0  6300.0
2026-09-20 17:35:10 | INFO | P04 |
                   count         mean         std     min       25%      50%     75%     max
bill_length_mm     342.0    43.921930    5.459584    32.1    39.225    44.45    48.5    59.6
bill_depth_mm      342.0    17.151170    1.974793    13.1    15.600    17.30    18.7    21.5
flipper_length_mm  342.0   200.915205   14.061714   172.0   190.000   197.00   213.0   231.0
body_mass_g        342.0  4201.754386  801.954536  2700.0  3550.000  4050.00  4750.0  6300.0
2026-09-20 17:35:10 | INFO | P04 | -------------------------------
2026-09-20 17:35:10 | INFO | P04 | 05. VISUALIZE distributions.
2026-09-20 17:35:10 | INFO | P04 | -------------------------------
2026-09-20 17:35:11 | INFO | P04 | -------------------------------
2026-09-20 17:35:11 | INFO | P04 | 06. EXPLORE relationships (e.g., between 2 numeric variables).
2026-09-20 17:35:11 | INFO | P04 | -------------------------------
2026-09-20 17:35:11 | INFO | P04 | Correlation between flipper_length_mm and body_mass_g: 0.871
2026-09-20 17:35:11 | INFO | P04 | Correlation between flipper_length_mm and body_mass_g: 0.871
2026-09-20 17:35:11 | INFO | P04 | -------------------------------
2026-09-20 17:35:11 | INFO | P04 | 07. SUMMARIZE what you found.
2026-09-20 17:35:11 | INFO | P04 | -------------------------------
2026-09-20 17:35:11 | INFO | P04 | CUSTOM OBSERVATIONS:
    The dataset contains penguin measurements.
    Some observations (rows) are complete, but some are missing values.

    I reviewed the relationship between:
    Flipper length vs. body mass
    and it shows a positive relationship.

    Based on this EDA, I would next like to review additional
    relationships between other numeric variables.
    Marimo (reactive notebook cells) might be a good choice
    for additional exploration.

2026-09-20 17:35:11 | INFO | P04 | -------------------------------
2026-09-20 17:35:11 | INFO | P04 | 08. DISPLAY the charts.
2026-09-20 17:35:11 | INFO | P04 | -------------------------------
2026-09-20 17:35:11 | INFO | P04 | In a script, call plt.show() at the end to display all charts.
2026-09-20 17:35:11 | INFO | P04 | Close all chart windows (with the close button) to continue.
2026-09-20 17:35:18 | INFO | P04 | ===================================
2026-09-20 17:35:18 | INFO | P04 | END main() - Executed successfully!
2026-09-20 17:35:18 | INFO | P04 | ===================================
2026-09-20 17:37:19 | INFO | P04 | === RUN START ===
2026-09-20 17:37:19 | INFO | P04 | project=P04 - EXPLORATORY DATA ANALYSIS
2026-09-20 17:37:19 | INFO | P04 | repo_dir=datafun-04-eda
2026-09-20 17:37:19 | INFO | P04 | python=3.14.7
2026-09-20 17:37:19 | INFO | P04 | os=Windows 11
2026-09-20 17:37:19 | INFO | P04 | shell=powershell
2026-09-20 17:37:19 | INFO | P04 | cwd=.
2026-09-20 17:37:19 | INFO | P04 | github_actions=False
2026-09-20 17:37:19 | INFO | P04 | ===================================
2026-09-20 17:37:19 | INFO | P04 | START main()
2026-09-20 17:37:19 | INFO | P04 | ===================================
2026-09-20 17:37:19 | INFO | P04 | -------------------------------
2026-09-20 17:37:19 | INFO | P04 | 01. LOAD the data.
2026-09-20 17:37:19 | INFO | P04 | -------------------------------
2026-09-20 17:37:19 | INFO | P04 | Loading Seaborn dataset: penguins
2026-09-20 17:37:19 | INFO | P04 | Loaded: 344 rows, 7 columns
2026-09-20 17:37:19 | INFO | P04 | -------------------------------
2026-09-20 17:37:19 | INFO | P04 | 02. INSPECT the data.
2026-09-20 17:37:19 | INFO | P04 | -------------------------------
2026-09-20 17:37:19 | DEBUG | P04 |
DATA INSPECTION

Grain:
one observed penguin

Shape:
344 rows
7 columns

Columns:
['species', 'island', 'bill_length_mm', 'bill_depth_mm', 'flipper_length_mm', 'body_mass_g', 'sex']

2026-09-20 17:37:19 | INFO | P04 |
DATA INSPECTION

Grain:
one observed penguin

Shape:
344 rows
7 columns

Columns:
['species', 'island', 'bill_length_mm', 'bill_depth_mm', 'flipper_length_mm', 'body_mass_g', 'sex']

2026-09-20 17:37:19 | INFO | P04 | -------------------------------
2026-09-20 17:37:19 | INFO | P04 | 03. CHECK data quality.
2026-09-20 17:37:19 | INFO | P04 | -------------------------------
2026-09-20 17:37:19 | DEBUG | P04 |
              column    dtype  ...  missing_pct  unique_count
0            species      str  ...         0.00             3
1             island      str  ...         0.00             3
2     bill_length_mm  float64  ...         0.58           164
3      bill_depth_mm  float64  ...         0.58            80
4  flipper_length_mm  float64  ...         0.58            55
5        body_mass_g  float64  ...         0.58            94
6                sex      str  ...         3.20             2

[7 rows x 6 columns]
2026-09-20 17:37:19 | INFO | P04 |
              column    dtype  ...  missing_pct  unique_count
0            species      str  ...         0.00             3
1             island      str  ...         0.00             3
2     bill_length_mm  float64  ...         0.58           164
3      bill_depth_mm  float64  ...         0.58            80
4  flipper_length_mm  float64  ...         0.58            55
5        body_mass_g  float64  ...         0.58            94
6                sex      str  ...         3.20             2

[7 rows x 6 columns]
2026-09-20 17:37:19 | DEBUG | P04 |
sex                  11
bill_depth_mm         2
bill_length_mm        2
flipper_length_mm     2
body_mass_g           2
island                0
species               0
dtype: int64
2026-09-20 17:37:19 | INFO | P04 |
Missing values:
sex                  11
bill_depth_mm         2
bill_length_mm        2
flipper_length_mm     2
body_mass_g           2
island                0
species               0
dtype: int64
2026-09-20 17:37:19 | INFO | P04 | Duplicate rows detected: 0
2026-09-20 17:37:19 | INFO | P04 | Duplicate rows: 0
2026-09-20 17:37:19 | INFO | P04 | -------------------------------
2026-09-20 17:37:19 | INFO | P04 | 04. DESCRIBE numeric variables.
2026-09-20 17:37:19 | INFO | P04 | -------------------------------
2026-09-20 17:37:19 | DEBUG | P04 |
                   count         mean         std  ...      50%     75%     max
bill_length_mm     342.0    43.921930    5.459584  ...    44.45    48.5    59.6
bill_depth_mm      342.0    17.151170    1.974793  ...    17.30    18.7    21.5
flipper_length_mm  342.0   200.915205   14.061714  ...   197.00   213.0   231.0
body_mass_g        342.0  4201.754386  801.954536  ...  4050.00  4750.0  6300.0

[4 rows x 8 columns]
2026-09-20 17:37:19 | INFO | P04 |
                   count         mean         std  ...      50%     75%     max
bill_length_mm     342.0    43.921930    5.459584  ...    44.45    48.5    59.6
bill_depth_mm      342.0    17.151170    1.974793  ...    17.30    18.7    21.5
flipper_length_mm  342.0   200.915205   14.061714  ...   197.00   213.0   231.0
body_mass_g        342.0  4201.754386  801.954536  ...  4050.00  4750.0  6300.0

[4 rows x 8 columns]
2026-09-20 17:37:19 | INFO | P04 | -------------------------------
2026-09-20 17:37:19 | INFO | P04 | 05. VISUALIZE distributions.
2026-09-20 17:37:19 | INFO | P04 | -------------------------------
2026-09-20 17:37:19 | INFO | P04 | -------------------------------
2026-09-20 17:37:19 | INFO | P04 | 06. EXPLORE relationships (e.g., between 2 numeric variables).
2026-09-20 17:37:19 | INFO | P04 | -------------------------------
2026-09-20 17:37:19 | INFO | P04 | Correlation between bill_length_mm and body_depth_mm: 0.871
2026-09-20 17:37:19 | INFO | P04 | Correlation between bill_length_mm and body_depth_mm: 0.871
2026-09-20 17:37:19 | INFO | P04 | -------------------------------
2026-09-20 17:37:19 | INFO | P04 | 07. SUMMARIZE what you found.
2026-09-20 17:37:19 | INFO | P04 | -------------------------------
2026-09-20 17:37:19 | INFO | P04 | CUSTOM OBSERVATIONS:
    The dataset contains penguin measurements.
    Some observations (rows) are complete, but some are missing values.

    I reviewed the relationship between:
    Bill length vs. bill depth
    and it shows a positive relationship.

    Based on this EDA, I would next like to review additional
    relationships between other numeric variables.
    Marimo (reactive notebook cells) might be a good choice
    for additional exploration.

2026-09-20 17:37:19 | INFO | P04 | -------------------------------
2026-09-20 17:37:19 | INFO | P04 | 08. DISPLAY the charts.
2026-09-20 17:37:19 | INFO | P04 | -------------------------------
2026-09-20 17:37:19 | INFO | P04 | In a script, call plt.show() at the end to display all charts.
2026-09-20 17:37:19 | INFO | P04 | Close all chart windows (with the close button) to continue.
2026-09-20 17:37:19 | INFO | P04 | ===================================
2026-09-20 17:37:19 | INFO | P04 | END main() - Executed successfully!
2026-09-20 17:37:19 | INFO | P04 | ===================================
2026-09-20 17:53:09 | INFO | P04 | === RUN START ===
2026-09-20 17:53:09 | INFO | P04 | project=P04 - EXPLORATORY DATA ANALYSIS
2026-09-20 17:53:09 | INFO | P04 | repo_dir=datafun-04-eda
2026-09-20 17:53:09 | INFO | P04 | python=3.14.7
2026-09-20 17:53:09 | INFO | P04 | os=Windows 11
2026-09-20 17:53:09 | INFO | P04 | shell=powershell
2026-09-20 17:53:09 | INFO | P04 | cwd=.
2026-09-20 17:53:09 | INFO | P04 | github_actions=False
2026-09-20 17:53:09 | INFO | P04 | ===================================
2026-09-20 17:53:09 | INFO | P04 | START main()
2026-09-20 17:53:09 | INFO | P04 | ===================================
2026-09-20 17:53:09 | INFO | P04 | -------------------------------
2026-09-20 17:53:09 | INFO | P04 | 01. LOAD the data.
2026-09-20 17:53:09 | INFO | P04 | -------------------------------
2026-09-20 17:53:09 | INFO | P04 | Loading Seaborn dataset: penguins
2026-09-20 17:53:09 | INFO | P04 | Loaded: 344 rows, 7 columns
2026-09-20 17:53:09 | INFO | P04 | -------------------------------
2026-09-20 17:53:09 | INFO | P04 | 02. INSPECT the data.
2026-09-20 17:53:09 | INFO | P04 | -------------------------------
2026-09-20 17:53:09 | DEBUG | P04 | 
DATA INSPECTION

Grain:
one observed penguin

Shape:
344 rows
7 columns

Columns:
['species', 'island', 'bill_length_mm', 'bill_depth_mm', 'flipper_length_mm', 'body_mass_g', 'sex']

2026-09-20 17:53:09 | INFO | P04 | 
DATA INSPECTION

Grain:
one observed penguin

Shape:
344 rows
7 columns

Columns:
['species', 'island', 'bill_length_mm', 'bill_depth_mm', 'flipper_length_mm', 'body_mass_g', 'sex']

2026-09-20 17:53:09 | INFO | P04 | -------------------------------
2026-09-20 17:53:09 | INFO | P04 | 03. CHECK data quality.
2026-09-20 17:53:09 | INFO | P04 | -------------------------------
2026-09-20 17:53:09 | DEBUG | P04 | 
              column    dtype  non_missing_count  missing_count  missing_pct  unique_count
0            species      str                344              0         0.00             3
1             island      str                344              0         0.00             3
2     bill_length_mm  float64                342              2         0.58           164
3      bill_depth_mm  float64                342              2         0.58            80
4  flipper_length_mm  float64                342              2         0.58            55
5        body_mass_g  float64                342              2         0.58            94
6                sex      str                333             11         3.20             2
2026-09-20 17:53:09 | INFO | P04 | 
              column    dtype  non_missing_count  missing_count  missing_pct  unique_count
0            species      str                344              0         0.00             3
1             island      str                344              0         0.00             3
2     bill_length_mm  float64                342              2         0.58           164
3      bill_depth_mm  float64                342              2         0.58            80
4  flipper_length_mm  float64                342              2         0.58            55
5        body_mass_g  float64                342              2         0.58            94
6                sex      str                333             11         3.20             2
2026-09-20 17:53:09 | DEBUG | P04 | 
sex                  11
bill_depth_mm         2
bill_length_mm        2
flipper_length_mm     2
body_mass_g           2
island                0
species               0
dtype: int64
2026-09-20 17:53:09 | INFO | P04 | 
Missing values:
sex                  11
bill_depth_mm         2
bill_length_mm        2
flipper_length_mm     2
body_mass_g           2
island                0
species               0
dtype: int64
2026-09-20 17:53:09 | INFO | P04 | Duplicate rows detected: 0
2026-09-20 17:53:09 | INFO | P04 | Duplicate rows: 0
2026-09-20 17:53:09 | INFO | P04 | -------------------------------
2026-09-20 17:53:09 | INFO | P04 | 04. DESCRIBE numeric variables.
2026-09-20 17:53:09 | INFO | P04 | -------------------------------
2026-09-20 17:53:09 | DEBUG | P04 | 
                   count         mean         std     min       25%      50%     75%     max
bill_length_mm     342.0    43.921930    5.459584    32.1    39.225    44.45    48.5    59.6
bill_depth_mm      342.0    17.151170    1.974793    13.1    15.600    17.30    18.7    21.5
flipper_length_mm  342.0   200.915205   14.061714   172.0   190.000   197.00   213.0   231.0
body_mass_g        342.0  4201.754386  801.954536  2700.0  3550.000  4050.00  4750.0  6300.0
2026-09-20 17:53:09 | INFO | P04 | 
                   count         mean         std     min       25%      50%     75%     max
bill_length_mm     342.0    43.921930    5.459584    32.1    39.225    44.45    48.5    59.6
bill_depth_mm      342.0    17.151170    1.974793    13.1    15.600    17.30    18.7    21.5
flipper_length_mm  342.0   200.915205   14.061714   172.0   190.000   197.00   213.0   231.0
body_mass_g        342.0  4201.754386  801.954536  2700.0  3550.000  4050.00  4750.0  6300.0
2026-09-20 17:53:09 | INFO | P04 | -------------------------------
2026-09-20 17:53:09 | INFO | P04 | 05. VISUALIZE distributions.
2026-09-20 17:53:09 | INFO | P04 | -------------------------------
2026-09-20 17:53:10 | INFO | P04 | -------------------------------
2026-09-20 17:53:10 | INFO | P04 | 06. EXPLORE relationships (e.g., between 2 numeric variables).
2026-09-20 17:53:10 | INFO | P04 | -------------------------------
2026-09-20 17:53:10 | INFO | P04 | Correlation between bill_length_mm and bill_depth_mm: -0.235
2026-09-20 17:53:10 | INFO | P04 | Correlation between bill_length_mm and bill_depth_mm: -0.235
2026-09-20 17:53:10 | INFO | P04 | -------------------------------
2026-09-20 17:53:10 | INFO | P04 | 07. SUMMARIZE what you found.
2026-09-20 17:53:10 | INFO | P04 | -------------------------------
2026-09-20 17:53:10 | INFO | P04 | CUSTOM OBSERVATIONS:
    The dataset contains penguin measurements.
    Some observations (rows) are complete, but some are missing values.

    I reviewed the relationship between:
    Flipper length vs. body mass
    and it shows a positive relationship.

    Based on this EDA, I would next like to review additional
    relationships between other numeric variables.
    Marimo (reactive notebook cells) might be a good choice
    for additional exploration.
    
2026-09-20 17:53:10 | INFO | P04 | -------------------------------
2026-09-20 17:53:10 | INFO | P04 | 08. DISPLAY the charts.
2026-09-20 17:53:10 | INFO | P04 | -------------------------------
2026-09-20 17:53:10 | INFO | P04 | In a script, call plt.show() at the end to display all charts.
2026-09-20 17:53:10 | INFO | P04 | Close all chart windows (with the close button) to continue.
2026-09-20 17:53:32 | INFO | P04 | ===================================
2026-09-20 17:53:32 | INFO | P04 | END main() - Executed successfully!
2026-09-20 17:53:32 | INFO | P04 | ===================================
2026-09-20 18:01:31 | INFO | P04 | === RUN START ===
2026-09-20 18:01:31 | INFO | P04 | project=P04 - EXPLORATORY DATA ANALYSIS
2026-09-20 18:01:31 | INFO | P04 | repo_dir=datafun-04-eda
2026-09-20 18:01:31 | INFO | P04 | python=3.14.7
2026-09-20 18:01:31 | INFO | P04 | os=Windows 11
2026-09-20 18:01:31 | INFO | P04 | shell=powershell
2026-09-20 18:01:31 | INFO | P04 | cwd=.
2026-09-20 18:01:31 | INFO | P04 | github_actions=False
2026-09-20 18:01:31 | INFO | P04 | ===================================
2026-09-20 18:01:31 | INFO | P04 | START main()
2026-09-20 18:01:31 | INFO | P04 | ===================================
2026-09-20 18:01:31 | INFO | P04 | -------------------------------
2026-09-20 18:01:31 | INFO | P04 | 01. LOAD the data.
2026-09-20 18:01:31 | INFO | P04 | -------------------------------
2026-09-20 18:01:31 | INFO | P04 | Loading Seaborn dataset: penguins
2026-09-20 18:01:31 | INFO | P04 | Loaded: 344 rows, 7 columns
2026-09-20 18:01:31 | INFO | P04 | -------------------------------
2026-09-20 18:01:31 | INFO | P04 | 02. INSPECT the data.
2026-09-20 18:01:31 | INFO | P04 | -------------------------------
2026-09-20 18:01:31 | DEBUG | P04 | 
DATA INSPECTION

Grain:
one observed penguin

Shape:
344 rows
7 columns

Columns:
['species', 'island', 'bill_length_mm', 'bill_depth_mm', 'flipper_length_mm', 'body_mass_g', 'sex']

2026-09-20 18:01:31 | INFO | P04 | 
DATA INSPECTION

Grain:
one observed penguin

Shape:
344 rows
7 columns

Columns:
['species', 'island', 'bill_length_mm', 'bill_depth_mm', 'flipper_length_mm', 'body_mass_g', 'sex']

2026-09-20 18:01:31 | INFO | P04 | -------------------------------
2026-09-20 18:01:31 | INFO | P04 | 03. CHECK data quality.
2026-09-20 18:01:31 | INFO | P04 | -------------------------------
2026-09-20 18:01:31 | DEBUG | P04 | 
              column    dtype  non_missing_count  missing_count  missing_pct  unique_count
0            species      str                344              0         0.00             3
1             island      str                344              0         0.00             3
2     bill_length_mm  float64                342              2         0.58           164
3      bill_depth_mm  float64                342              2         0.58            80
4  flipper_length_mm  float64                342              2         0.58            55
5        body_mass_g  float64                342              2         0.58            94
6                sex      str                333             11         3.20             2
2026-09-20 18:01:31 | INFO | P04 | 
              column    dtype  non_missing_count  missing_count  missing_pct  unique_count
0            species      str                344              0         0.00             3
1             island      str                344              0         0.00             3
2     bill_length_mm  float64                342              2         0.58           164
3      bill_depth_mm  float64                342              2         0.58            80
4  flipper_length_mm  float64                342              2         0.58            55
5        body_mass_g  float64                342              2         0.58            94
6                sex      str                333             11         3.20             2
2026-09-20 18:01:31 | DEBUG | P04 | 
sex                  11
bill_depth_mm         2
bill_length_mm        2
flipper_length_mm     2
body_mass_g           2
island                0
species               0
dtype: int64
2026-09-20 18:01:31 | INFO | P04 | 
Missing values:
sex                  11
bill_depth_mm         2
bill_length_mm        2
flipper_length_mm     2
body_mass_g           2
island                0
species               0
dtype: int64
2026-09-20 18:01:31 | INFO | P04 | Duplicate rows detected: 0
2026-09-20 18:01:31 | INFO | P04 | Duplicate rows: 0
2026-09-20 18:01:31 | INFO | P04 | -------------------------------
2026-09-20 18:01:31 | INFO | P04 | 04. DESCRIBE numeric variables.
2026-09-20 18:01:31 | INFO | P04 | -------------------------------
2026-09-20 18:01:31 | DEBUG | P04 | 
                   count         mean         std     min       25%      50%     75%     max
bill_length_mm     342.0    43.921930    5.459584    32.1    39.225    44.45    48.5    59.6
bill_depth_mm      342.0    17.151170    1.974793    13.1    15.600    17.30    18.7    21.5
flipper_length_mm  342.0   200.915205   14.061714   172.0   190.000   197.00   213.0   231.0
body_mass_g        342.0  4201.754386  801.954536  2700.0  3550.000  4050.00  4750.0  6300.0
2026-09-20 18:01:31 | INFO | P04 | 
                   count         mean         std     min       25%      50%     75%     max
bill_length_mm     342.0    43.921930    5.459584    32.1    39.225    44.45    48.5    59.6
bill_depth_mm      342.0    17.151170    1.974793    13.1    15.600    17.30    18.7    21.5
flipper_length_mm  342.0   200.915205   14.061714   172.0   190.000   197.00   213.0   231.0
body_mass_g        342.0  4201.754386  801.954536  2700.0  3550.000  4050.00  4750.0  6300.0
2026-09-20 18:01:31 | INFO | P04 | -------------------------------
2026-09-20 18:01:31 | INFO | P04 | 05. VISUALIZE distributions.
2026-09-20 18:01:31 | INFO | P04 | -------------------------------
2026-09-20 18:01:32 | INFO | P04 | -------------------------------
2026-09-20 18:01:32 | INFO | P04 | 06. EXPLORE relationships (e.g., between 2 numeric variables).
2026-09-20 18:01:32 | INFO | P04 | -------------------------------
2026-09-20 18:01:32 | INFO | P04 | Correlation between bill_length_mm and bill_depth_mm: -0.235
2026-09-20 18:01:32 | INFO | P04 | Correlation between bill_length_mm and bill_depth_mm: -0.235
2026-09-20 18:01:32 | INFO | P04 | -------------------------------
2026-09-20 18:01:32 | INFO | P04 | 07. SUMMARIZE what you found.
2026-09-20 18:01:32 | INFO | P04 | -------------------------------
2026-09-20 18:01:32 | INFO | P04 | CUSTOM OBSERVATIONS:
    The dataset contains penguin measurements.
    Some observations (rows) are complete, but some are missing values.

    I reviewed the relationship between:
    Flipper length vs. body mass
    and it shows a positive relationship.

    Based on this EDA, I would next like to review additional
    relationships between other numeric variables.
    Marimo (reactive notebook cells) might be a good choice
    for additional exploration.
    
2026-09-20 18:01:32 | INFO | P04 | -------------------------------
2026-09-20 18:01:32 | INFO | P04 | 08. DISPLAY the charts.
2026-09-20 18:01:32 | INFO | P04 | -------------------------------
2026-09-20 18:01:32 | INFO | P04 | In a script, call plt.show() at the end to display all charts.
2026-09-20 18:01:32 | INFO | P04 | Close all chart windows (with the close button) to continue.
2026-09-20 18:04:57 | INFO | P04 | ===================================
2026-09-20 18:04:57 | INFO | P04 | END main() - Executed successfully!
2026-09-20 18:04:57 | INFO | P04 | ===================================
2026-09-20 20:50:03 | INFO | P04 | === RUN START ===
2026-09-20 20:50:03 | INFO | P04 | project=P04 - EXPLORATORY DATA ANALYSIS
2026-09-20 20:50:03 | INFO | P04 | repo_dir=datafun-04-eda
2026-09-20 20:50:03 | INFO | P04 | python=3.14.7
2026-09-20 20:50:03 | INFO | P04 | os=Windows 11
2026-09-20 20:50:03 | INFO | P04 | shell=powershell
2026-09-20 20:50:04 | INFO | P04 | cwd=.
2026-09-20 20:50:04 | INFO | P04 | github_actions=False
2026-09-20 20:50:04 | INFO | P04 | ===================================
2026-09-20 20:50:04 | INFO | P04 | START main()
2026-09-20 20:50:04 | INFO | P04 | ===================================
2026-09-20 20:50:04 | INFO | P04 | -------------------------------
2026-09-20 20:50:04 | INFO | P04 | 01. LOAD the data.
2026-09-20 20:50:04 | INFO | P04 | -------------------------------
2026-09-20 20:50:04 | INFO | P04 | Loading Seaborn dataset: penguins
2026-09-20 20:50:04 | INFO | P04 | Loaded: 344 rows, 7 columns
2026-09-20 20:50:04 | INFO | P04 | -------------------------------
2026-09-20 20:50:04 | INFO | P04 | 02. INSPECT the data.
2026-09-20 20:50:04 | INFO | P04 | -------------------------------
2026-09-20 20:50:04 | DEBUG | P04 | 
DATA INSPECTION

Grain:
one observed penguin

Shape:
344 rows
7 columns

Columns:
['species', 'island', 'bill_length_mm', 'bill_depth_mm', 'flipper_length_mm', 'body_mass_g', 'sex']

2026-09-20 20:50:04 | INFO | P04 | 
DATA INSPECTION

Grain:
one observed penguin

Shape:
344 rows
7 columns

Columns:
['species', 'island', 'bill_length_mm', 'bill_depth_mm', 'flipper_length_mm', 'body_mass_g', 'sex']

2026-09-20 20:50:04 | INFO | P04 | -------------------------------
2026-09-20 20:50:04 | INFO | P04 | 03. CHECK data quality.
2026-09-20 20:50:04 | INFO | P04 | -------------------------------
2026-09-20 20:50:04 | DEBUG | P04 | 
              column    dtype  non_missing_count  missing_count  missing_pct  unique_count
0            species      str                344              0         0.00             3
1             island      str                344              0         0.00             3
2     bill_length_mm  float64                342              2         0.58           164
3      bill_depth_mm  float64                342              2         0.58            80
4  flipper_length_mm  float64                342              2         0.58            55
5        body_mass_g  float64                342              2         0.58            94
6                sex      str                333             11         3.20             2
2026-09-20 20:50:04 | INFO | P04 | 
              column    dtype  non_missing_count  missing_count  missing_pct  unique_count
0            species      str                344              0         0.00             3
1             island      str                344              0         0.00             3
2     bill_length_mm  float64                342              2         0.58           164
3      bill_depth_mm  float64                342              2         0.58            80
4  flipper_length_mm  float64                342              2         0.58            55
5        body_mass_g  float64                342              2         0.58            94
6                sex      str                333             11         3.20             2
2026-09-20 20:50:04 | DEBUG | P04 | 
sex                  11
bill_depth_mm         2
bill_length_mm        2
flipper_length_mm     2
body_mass_g           2
island                0
species               0
dtype: int64
2026-09-20 20:50:04 | INFO | P04 | 
Missing values:
sex                  11
bill_depth_mm         2
bill_length_mm        2
flipper_length_mm     2
body_mass_g           2
island                0
species               0
dtype: int64
2026-09-20 20:50:04 | INFO | P04 | Duplicate rows detected: 0
2026-09-20 20:50:04 | INFO | P04 | Duplicate rows: 0
2026-09-20 20:50:04 | INFO | P04 | -------------------------------
2026-09-20 20:50:04 | INFO | P04 | 04. DESCRIBE numeric variables.
2026-09-20 20:50:04 | INFO | P04 | -------------------------------
2026-09-20 20:50:04 | DEBUG | P04 | 
                   count         mean         std     min       25%      50%     75%     max
bill_length_mm     342.0    43.921930    5.459584    32.1    39.225    44.45    48.5    59.6
bill_depth_mm      342.0    17.151170    1.974793    13.1    15.600    17.30    18.7    21.5
flipper_length_mm  342.0   200.915205   14.061714   172.0   190.000   197.00   213.0   231.0
body_mass_g        342.0  4201.754386  801.954536  2700.0  3550.000  4050.00  4750.0  6300.0
2026-09-20 20:50:04 | INFO | P04 | 
                   count         mean         std     min       25%      50%     75%     max
bill_length_mm     342.0    43.921930    5.459584    32.1    39.225    44.45    48.5    59.6
bill_depth_mm      342.0    17.151170    1.974793    13.1    15.600    17.30    18.7    21.5
flipper_length_mm  342.0   200.915205   14.061714   172.0   190.000   197.00   213.0   231.0
body_mass_g        342.0  4201.754386  801.954536  2700.0  3550.000  4050.00  4750.0  6300.0
2026-09-20 20:50:04 | INFO | P04 | -------------------------------
2026-09-20 20:50:04 | INFO | P04 | 05. VISUALIZE distributions.
2026-09-20 20:50:04 | INFO | P04 | -------------------------------
2026-09-20 20:50:05 | INFO | P04 | -------------------------------
2026-09-20 20:50:05 | INFO | P04 | 06. EXPLORE relationships (e.g., between 2 numeric variables).
2026-09-20 20:50:05 | INFO | P04 | -------------------------------
2026-09-20 20:50:05 | INFO | P04 | Correlation between bill_length_mm and bill_depth_mm: -0.235
2026-09-20 20:50:05 | INFO | P04 | Correlation between bill_length_mm and bill_depth_mm: -0.235
2026-09-20 20:50:05 | INFO | P04 | -------------------------------
2026-09-20 20:50:05 | INFO | P04 | 07. SUMMARIZE what you found.
2026-09-20 20:50:05 | INFO | P04 | -------------------------------
2026-09-20 20:50:05 | INFO | P04 | CUSTOM OBSERVATIONS:
    The dataset contains penguin measurements.
    Some observations (rows) are complete, but some are missing values.

    I reviewed the relationship between:
    Flipper length vs. body mass
    and it shows a positive relationship.

    Based on this EDA, I would next like to review additional
    relationships between other numeric variables.
    Marimo (reactive notebook cells) might be a good choice
    for additional exploration.
    
2026-09-20 20:50:05 | INFO | P04 | -------------------------------
2026-09-20 20:50:05 | INFO | P04 | 08. DISPLAY the charts.
2026-09-20 20:50:05 | INFO | P04 | -------------------------------
2026-09-20 20:50:05 | INFO | P04 | In a script, call plt.show() at the end to display all charts.
2026-09-20 20:50:05 | INFO | P04 | Close all chart windows (with the close button) to continue.
2026-09-20 20:54:07 | INFO | P04 | ===================================
2026-09-20 20:54:07 | INFO | P04 | END main() - Executed successfully!
2026-09-20 20:54:07 | INFO | P04 | ===================================
2026-09-20 21:08:53 | INFO | P04 | === RUN START ===
2026-09-20 21:08:53 | INFO | P04 | project=P04 - EXPLORATORY DATA ANALYSIS
2026-09-20 21:08:53 | INFO | P04 | repo_dir=datafun-04-eda
2026-09-20 21:08:53 | INFO | P04 | python=3.14.7
2026-09-20 21:08:53 | INFO | P04 | os=Windows 11
2026-09-20 21:08:53 | INFO | P04 | shell=powershell
2026-09-20 21:08:53 | INFO | P04 | cwd=.
2026-09-20 21:08:53 | INFO | P04 | github_actions=False
2026-09-20 21:08:53 | INFO | P04 | ===================================
2026-09-20 21:08:53 | INFO | P04 | START main()
2026-09-20 21:08:53 | INFO | P04 | ===================================
2026-09-20 21:08:53 | INFO | P04 | -------------------------------
2026-09-20 21:08:53 | INFO | P04 | 01. LOAD the data.
2026-09-20 21:08:53 | INFO | P04 | -------------------------------
2026-09-20 21:08:53 | INFO | P04 | Loading Seaborn dataset: penguins
2026-09-20 21:08:53 | INFO | P04 | Loaded: 344 rows, 7 columns
2026-09-20 21:08:53 | INFO | P04 | -------------------------------
2026-09-20 21:08:53 | INFO | P04 | 02. INSPECT the data.
2026-09-20 21:08:53 | INFO | P04 | -------------------------------
2026-09-20 21:08:53 | DEBUG | P04 | 
DATA INSPECTION

Grain:
one observed penguin

Shape:
344 rows
7 columns

Columns:
['species', 'island', 'bill_length_mm', 'bill_depth_mm', 'flipper_length_mm', 'body_mass_g', 'sex']

2026-09-20 21:08:53 | INFO | P04 | 
DATA INSPECTION

Grain:
one observed penguin

Shape:
344 rows
7 columns

Columns:
['species', 'island', 'bill_length_mm', 'bill_depth_mm', 'flipper_length_mm', 'body_mass_g', 'sex']

2026-09-20 21:08:53 | INFO | P04 | -------------------------------
2026-09-20 21:08:53 | INFO | P04 | 03. CHECK data quality.
2026-09-20 21:08:53 | INFO | P04 | -------------------------------
2026-09-20 21:08:53 | DEBUG | P04 | 
              column    dtype  non_missing_count  missing_count  missing_pct  unique_count
0            species      str                344              0         0.00             3
1             island      str                344              0         0.00             3
2     bill_length_mm  float64                342              2         0.58           164
3      bill_depth_mm  float64                342              2         0.58            80
4  flipper_length_mm  float64                342              2         0.58            55
5        body_mass_g  float64                342              2         0.58            94
6                sex      str                333             11         3.20             2
2026-09-20 21:08:53 | INFO | P04 | 
              column    dtype  non_missing_count  missing_count  missing_pct  unique_count
0            species      str                344              0         0.00             3
1             island      str                344              0         0.00             3
2     bill_length_mm  float64                342              2         0.58           164
3      bill_depth_mm  float64                342              2         0.58            80
4  flipper_length_mm  float64                342              2         0.58            55
5        body_mass_g  float64                342              2         0.58            94
6                sex      str                333             11         3.20             2
2026-09-20 21:08:53 | DEBUG | P04 | 
sex                  11
bill_depth_mm         2
bill_length_mm        2
flipper_length_mm     2
body_mass_g           2
island                0
species               0
dtype: int64
2026-09-20 21:08:53 | INFO | P04 | 
Missing values:
sex                  11
bill_depth_mm         2
bill_length_mm        2
flipper_length_mm     2
body_mass_g           2
island                0
species               0
dtype: int64
2026-09-20 21:08:53 | INFO | P04 | Duplicate rows detected: 0
2026-09-20 21:08:53 | INFO | P04 | Duplicate rows: 0
2026-09-20 21:08:53 | INFO | P04 | -------------------------------
2026-09-20 21:08:53 | INFO | P04 | 04. DESCRIBE numeric variables.
2026-09-20 21:08:53 | INFO | P04 | -------------------------------
2026-09-20 21:08:53 | DEBUG | P04 | 
                   count         mean         std     min       25%      50%     75%     max
bill_length_mm     342.0    43.921930    5.459584    32.1    39.225    44.45    48.5    59.6
bill_depth_mm      342.0    17.151170    1.974793    13.1    15.600    17.30    18.7    21.5
flipper_length_mm  342.0   200.915205   14.061714   172.0   190.000   197.00   213.0   231.0
body_mass_g        342.0  4201.754386  801.954536  2700.0  3550.000  4050.00  4750.0  6300.0
2026-09-20 21:08:53 | INFO | P04 | 
                   count         mean         std     min       25%      50%     75%     max
bill_length_mm     342.0    43.921930    5.459584    32.1    39.225    44.45    48.5    59.6
bill_depth_mm      342.0    17.151170    1.974793    13.1    15.600    17.30    18.7    21.5
flipper_length_mm  342.0   200.915205   14.061714   172.0   190.000   197.00   213.0   231.0
body_mass_g        342.0  4201.754386  801.954536  2700.0  3550.000  4050.00  4750.0  6300.0
2026-09-20 21:08:53 | INFO | P04 | -------------------------------
2026-09-20 21:08:53 | INFO | P04 | 05. VISUALIZE distributions.
2026-09-20 21:08:53 | INFO | P04 | -------------------------------
2026-09-20 21:08:54 | INFO | P04 | -------------------------------
2026-09-20 21:08:54 | INFO | P04 | 06. EXPLORE relationships (e.g., between 2 numeric variables).
2026-09-20 21:08:54 | INFO | P04 | -------------------------------
2026-09-20 21:08:54 | INFO | P04 | Correlation between bill_length_mm and bill_depth_mm: -0.235
2026-09-20 21:08:54 | INFO | P04 | Correlation between bill_length_mm and bill_depth_mm: -0.235
2026-09-20 21:08:54 | INFO | P04 | -------------------------------
2026-09-20 21:08:54 | INFO | P04 | 07. SUMMARIZE what you found.
2026-09-20 21:08:54 | INFO | P04 | -------------------------------
2026-09-20 21:08:54 | INFO | P04 | CUSTOM OBSERVATIONS:
    The dataset contains penguin measurements.
    Some observations (rows) are complete, but some are missing values.

    I reviewed the relationship between:
    Flipper length vs. body mass
    and it shows a positive relationship.

    Based on this EDA, I would next like to review additional
    relationships between other numeric variables.
    Marimo (reactive notebook cells) might be a good choice
    for additional exploration.
    
2026-09-20 21:08:54 | INFO | P04 | -------------------------------
2026-09-20 21:08:54 | INFO | P04 | 08. DISPLAY the charts.
2026-09-20 21:08:54 | INFO | P04 | -------------------------------
2026-09-20 21:08:54 | INFO | P04 | In a script, call plt.show() at the end to display all charts.
2026-09-20 21:08:54 | INFO | P04 | Close all chart windows (with the close button) to continue.
2026-09-20 21:09:28 | INFO | P04 | ===================================
2026-09-20 21:09:28 | INFO | P04 | END main() - Executed successfully!
2026-09-20 21:09:28 | INFO | P04 | ===================================
2026-09-20 21:09:28 | INFO | P04 | === RUN START ===
2026-09-20 21:09:28 | INFO | P04 | project=P04 - EXPLORATORY DATA ANALYSIS
2026-09-20 21:09:28 | INFO | P04 | repo_dir=datafun-04-eda
2026-09-20 21:09:28 | INFO | P04 | python=3.14.7
2026-09-20 21:09:28 | INFO | P04 | os=Windows 11
2026-09-20 21:09:28 | INFO | P04 | shell=powershell
2026-09-20 21:09:28 | INFO | P04 | cwd=.
2026-09-20 21:09:28 | INFO | P04 | github_actions=False
2026-09-20 21:09:28 | INFO | P04 | ===================================
2026-09-20 21:09:28 | INFO | P04 | START main()
2026-09-20 21:09:28 | INFO | P04 | ===================================
2026-09-20 21:09:28 | INFO | P04 | -------------------------------
2026-09-20 21:09:28 | INFO | P04 | 01. LOAD the data.
2026-09-20 21:09:28 | INFO | P04 | -------------------------------
2026-09-20 21:09:28 | INFO | P04 | Loading Seaborn dataset: penguins
2026-09-20 21:09:28 | INFO | P04 | Loaded: 344 rows, 7 columns
2026-09-20 21:09:28 | INFO | P04 | -------------------------------
2026-09-20 21:09:28 | INFO | P04 | 02. INSPECT the data.
2026-09-20 21:09:28 | INFO | P04 | -------------------------------
2026-09-20 21:09:28 | DEBUG | P04 | 
DATA INSPECTION

Grain:
one observed penguin

Shape:
344 rows
7 columns

Columns:
['species', 'island', 'bill_length_mm', 'bill_depth_mm', 'flipper_length_mm', 'body_mass_g', 'sex']

2026-09-20 21:09:28 | INFO | P04 | 
DATA INSPECTION

Grain:
one observed penguin

Shape:
344 rows
7 columns

Columns:
['species', 'island', 'bill_length_mm', 'bill_depth_mm', 'flipper_length_mm', 'body_mass_g', 'sex']

2026-09-20 21:09:28 | INFO | P04 | -------------------------------
2026-09-20 21:09:28 | INFO | P04 | 03. CHECK data quality.
2026-09-20 21:09:28 | INFO | P04 | -------------------------------
2026-09-20 21:09:28 | DEBUG | P04 | 
              column    dtype  non_missing_count  missing_count  missing_pct  unique_count
0            species      str                344              0         0.00             3
1             island      str                344              0         0.00             3
2     bill_length_mm  float64                342              2         0.58           164
3      bill_depth_mm  float64                342              2         0.58            80
4  flipper_length_mm  float64                342              2         0.58            55
5        body_mass_g  float64                342              2         0.58            94
6                sex      str                333             11         3.20             2
2026-09-20 21:09:28 | INFO | P04 | 
              column    dtype  non_missing_count  missing_count  missing_pct  unique_count
0            species      str                344              0         0.00             3
1             island      str                344              0         0.00             3
2     bill_length_mm  float64                342              2         0.58           164
3      bill_depth_mm  float64                342              2         0.58            80
4  flipper_length_mm  float64                342              2         0.58            55
5        body_mass_g  float64                342              2         0.58            94
6                sex      str                333             11         3.20             2
2026-09-20 21:09:28 | DEBUG | P04 | 
sex                  11
bill_depth_mm         2
bill_length_mm        2
flipper_length_mm     2
body_mass_g           2
island                0
species               0
dtype: int64
2026-09-20 21:09:28 | INFO | P04 | 
Missing values:
sex                  11
bill_depth_mm         2
bill_length_mm        2
flipper_length_mm     2
body_mass_g           2
island                0
species               0
dtype: int64
2026-09-20 21:09:28 | INFO | P04 | Duplicate rows detected: 0
2026-09-20 21:09:28 | INFO | P04 | Duplicate rows: 0
2026-09-20 21:09:28 | INFO | P04 | -------------------------------
2026-09-20 21:09:28 | INFO | P04 | 04. DESCRIBE numeric variables.
2026-09-20 21:09:28 | INFO | P04 | -------------------------------
2026-09-20 21:09:28 | DEBUG | P04 | 
                   count         mean         std     min       25%      50%     75%     max
bill_length_mm     342.0    43.921930    5.459584    32.1    39.225    44.45    48.5    59.6
bill_depth_mm      342.0    17.151170    1.974793    13.1    15.600    17.30    18.7    21.5
flipper_length_mm  342.0   200.915205   14.061714   172.0   190.000   197.00   213.0   231.0
body_mass_g        342.0  4201.754386  801.954536  2700.0  3550.000  4050.00  4750.0  6300.0
2026-09-20 21:09:28 | INFO | P04 | 
                   count         mean         std     min       25%      50%     75%     max
bill_length_mm     342.0    43.921930    5.459584    32.1    39.225    44.45    48.5    59.6
bill_depth_mm      342.0    17.151170    1.974793    13.1    15.600    17.30    18.7    21.5
flipper_length_mm  342.0   200.915205   14.061714   172.0   190.000   197.00   213.0   231.0
body_mass_g        342.0  4201.754386  801.954536  2700.0  3550.000  4050.00  4750.0  6300.0
2026-09-20 21:09:28 | INFO | P04 | -------------------------------
2026-09-20 21:09:28 | INFO | P04 | 05. VISUALIZE distributions.
2026-09-20 21:09:28 | INFO | P04 | -------------------------------
2026-09-20 21:09:29 | INFO | P04 | -------------------------------
2026-09-20 21:09:29 | INFO | P04 | 06. EXPLORE relationships (e.g., between 2 numeric variables).
2026-09-20 21:09:29 | INFO | P04 | -------------------------------
2026-09-20 21:09:29 | INFO | P04 | Correlation between bill_length_mm and bill_depth_mm: -0.235
2026-09-20 21:09:29 | INFO | P04 | Correlation between bill_length_mm and bill_depth_mm: -0.235
2026-09-20 21:09:29 | INFO | P04 | -------------------------------
2026-09-20 21:09:29 | INFO | P04 | 07. SUMMARIZE what you found.
2026-09-20 21:09:29 | INFO | P04 | -------------------------------
2026-09-20 21:09:29 | INFO | P04 | CUSTOM OBSERVATIONS:
    The dataset contains penguin measurements.
    Some observations (rows) are complete, but some are missing values.

    I reviewed the relationship between:
    Flipper length vs. body mass
    and it shows a positive relationship.

    Based on this EDA, I would next like to review additional
    relationships between other numeric variables.
    Marimo (reactive notebook cells) might be a good choice
    for additional exploration.
    
2026-09-20 21:09:29 | INFO | P04 | -------------------------------
2026-09-20 21:09:29 | INFO | P04 | 08. DISPLAY the charts.
2026-09-20 21:09:29 | INFO | P04 | -------------------------------
2026-09-20 21:09:29 | INFO | P04 | In a script, call plt.show() at the end to display all charts.
2026-09-20 21:09:29 | INFO | P04 | Close all chart windows (with the close button) to continue.
2026-09-20 21:27:39 | INFO | P04 | === RUN START ===
2026-09-20 21:27:39 | INFO | P04 | project=P04 - EXPLORATORY DATA ANALYSIS
2026-09-20 21:27:39 | INFO | P04 | repo_dir=datafun-04-eda
2026-09-20 21:27:39 | INFO | P04 | python=3.14.7
2026-09-20 21:27:39 | INFO | P04 | os=Windows 11
2026-09-20 21:27:39 | INFO | P04 | shell=powershell
2026-09-20 21:27:39 | INFO | P04 | cwd=.
2026-09-20 21:27:39 | INFO | P04 | github_actions=False
2026-09-20 21:27:39 | INFO | P04 | ===================================
2026-09-20 21:27:39 | INFO | P04 | START main()
2026-09-20 21:27:39 | INFO | P04 | ===================================
2026-09-20 21:27:39 | INFO | P04 | -------------------------------
2026-09-20 21:27:39 | INFO | P04 | 01. LOAD the data.
2026-09-20 21:27:39 | INFO | P04 | -------------------------------
2026-09-20 21:27:39 | INFO | P04 | Loading Seaborn dataset: penguins
2026-09-20 21:27:39 | INFO | P04 | Loaded: 344 rows, 7 columns
2026-09-20 21:27:39 | INFO | P04 | -------------------------------
2026-09-20 21:27:39 | INFO | P04 | 02. INSPECT the data.
2026-09-20 21:27:39 | INFO | P04 | -------------------------------
2026-09-20 21:27:39 | DEBUG | P04 | 
DATA INSPECTION

Grain:
one observed penguin

Shape:
344 rows
7 columns

Columns:
['species', 'island', 'bill_length_mm', 'bill_depth_mm', 'flipper_length_mm', 'body_mass_g', 'sex']

2026-09-20 21:27:39 | INFO | P04 | 
DATA INSPECTION

Grain:
one observed penguin

Shape:
344 rows
7 columns

Columns:
['species', 'island', 'bill_length_mm', 'bill_depth_mm', 'flipper_length_mm', 'body_mass_g', 'sex']

2026-09-20 21:27:39 | INFO | P04 | -------------------------------
2026-09-20 21:27:39 | INFO | P04 | 03. CHECK data quality.
2026-09-20 21:27:39 | INFO | P04 | -------------------------------
2026-09-20 21:27:39 | DEBUG | P04 | 
              column    dtype  non_missing_count  missing_count  missing_pct  unique_count
0            species      str                344              0         0.00             3
1             island      str                344              0         0.00             3
2     bill_length_mm  float64                342              2         0.58           164
3      bill_depth_mm  float64                342              2         0.58            80
4  flipper_length_mm  float64                342              2         0.58            55
5        body_mass_g  float64                342              2         0.58            94
6                sex      str                333             11         3.20             2
2026-09-20 21:27:39 | INFO | P04 | 
              column    dtype  non_missing_count  missing_count  missing_pct  unique_count
0            species      str                344              0         0.00             3
1             island      str                344              0         0.00             3
2     bill_length_mm  float64                342              2         0.58           164
3      bill_depth_mm  float64                342              2         0.58            80
4  flipper_length_mm  float64                342              2         0.58            55
5        body_mass_g  float64                342              2         0.58            94
6                sex      str                333             11         3.20             2
2026-09-20 21:27:39 | DEBUG | P04 | 
sex                  11
bill_depth_mm         2
bill_length_mm        2
flipper_length_mm     2
body_mass_g           2
island                0
species               0
dtype: int64
2026-09-20 21:27:39 | INFO | P04 | 
Missing values:
sex                  11
bill_depth_mm         2
bill_length_mm        2
flipper_length_mm     2
body_mass_g           2
island                0
species               0
dtype: int64
2026-09-20 21:27:39 | INFO | P04 | Duplicate rows detected: 0
2026-09-20 21:27:39 | INFO | P04 | Duplicate rows: 0
2026-09-20 21:27:39 | INFO | P04 | -------------------------------
2026-09-20 21:27:39 | INFO | P04 | 04. DESCRIBE numeric variables.
2026-09-20 21:27:39 | INFO | P04 | -------------------------------
2026-09-20 21:27:39 | DEBUG | P04 | 
                   count         mean         std     min       25%      50%     75%     max
bill_length_mm     342.0    43.921930    5.459584    32.1    39.225    44.45    48.5    59.6
bill_depth_mm      342.0    17.151170    1.974793    13.1    15.600    17.30    18.7    21.5
flipper_length_mm  342.0   200.915205   14.061714   172.0   190.000   197.00   213.0   231.0
body_mass_g        342.0  4201.754386  801.954536  2700.0  3550.000  4050.00  4750.0  6300.0
2026-09-20 21:27:39 | INFO | P04 | 
                   count         mean         std     min       25%      50%     75%     max
bill_length_mm     342.0    43.921930    5.459584    32.1    39.225    44.45    48.5    59.6
bill_depth_mm      342.0    17.151170    1.974793    13.1    15.600    17.30    18.7    21.5
flipper_length_mm  342.0   200.915205   14.061714   172.0   190.000   197.00   213.0   231.0
body_mass_g        342.0  4201.754386  801.954536  2700.0  3550.000  4050.00  4750.0  6300.0
2026-09-20 21:27:39 | INFO | P04 | -------------------------------
2026-09-20 21:27:39 | INFO | P04 | 05. VISUALIZE distributions.
2026-09-20 21:27:39 | INFO | P04 | -------------------------------
2026-09-20 21:27:40 | INFO | P04 | -------------------------------
2026-09-20 21:27:40 | INFO | P04 | 06. EXPLORE relationships (e.g., between 2 numeric variables).
2026-09-20 21:27:40 | INFO | P04 | -------------------------------
2026-09-20 21:27:40 | INFO | P04 | Correlation between bill_length_mm and bill_depth_mm: -0.235
2026-09-20 21:27:40 | INFO | P04 | Correlation between bill_length_mm and bill_depth_mm: -0.235
2026-09-20 21:27:40 | INFO | P04 | -------------------------------
2026-09-20 21:27:40 | INFO | P04 | 07. SUMMARIZE what you found.
2026-09-20 21:27:40 | INFO | P04 | -------------------------------
2026-09-20 21:27:40 | INFO | P04 | CUSTOM OBSERVATIONS:
    The dataset contains penguin measurements.
    Some observations (rows) are complete, but some are missing values.

    I reviewed the relationship between:
    Bill length (mm) and Bill depth (mm) by species
    and it shows a positive relationship.

    Based on this EDA, I would next like to review additional
    relationships between other numeric variables.
    Marimo (reactive notebook cells) might be a good choice
    for additional exploration.
    
2026-09-20 21:27:40 | INFO | P04 | -------------------------------
2026-09-20 21:27:40 | INFO | P04 | 08. DISPLAY the charts.
2026-09-20 21:27:40 | INFO | P04 | -------------------------------
2026-09-20 21:27:40 | INFO | P04 | In a script, call plt.show() at the end to display all charts.
2026-09-20 21:27:40 | INFO | P04 | Close all chart windows (with the close button) to continue.
2026-09-20 21:27:49 | INFO | P04 | ===================================
2026-09-20 21:27:49 | INFO | P04 | END main() - Executed successfully!
2026-09-20 21:27:49 | INFO | P04 | ===================================
2026-09-20 21:27:49 | INFO | P04 | === RUN START ===
2026-09-20 21:27:49 | INFO | P04 | project=P04 - EXPLORATORY DATA ANALYSIS
2026-09-20 21:27:49 | INFO | P04 | repo_dir=datafun-04-eda
2026-09-20 21:27:49 | INFO | P04 | python=3.14.7
2026-09-20 21:27:49 | INFO | P04 | os=Windows 11
2026-09-20 21:27:49 | INFO | P04 | shell=powershell
2026-09-20 21:27:49 | INFO | P04 | cwd=.
2026-09-20 21:27:49 | INFO | P04 | github_actions=False
2026-09-20 21:27:49 | INFO | P04 | ===================================
2026-09-20 21:27:49 | INFO | P04 | START main()
2026-09-20 21:27:49 | INFO | P04 | ===================================
2026-09-20 21:27:49 | INFO | P04 | -------------------------------
2026-09-20 21:27:49 | INFO | P04 | 01. LOAD the data.
2026-09-20 21:27:49 | INFO | P04 | -------------------------------
2026-09-20 21:27:49 | INFO | P04 | Loading Seaborn dataset: penguins
2026-09-20 21:27:49 | INFO | P04 | Loaded: 344 rows, 7 columns
2026-09-20 21:27:49 | INFO | P04 | -------------------------------
2026-09-20 21:27:49 | INFO | P04 | 02. INSPECT the data.
2026-09-20 21:27:49 | INFO | P04 | -------------------------------
2026-09-20 21:27:49 | DEBUG | P04 | 
DATA INSPECTION

Grain:
one observed penguin

Shape:
344 rows
7 columns

Columns:
['species', 'island', 'bill_length_mm', 'bill_depth_mm', 'flipper_length_mm', 'body_mass_g', 'sex']

2026-09-20 21:27:49 | INFO | P04 | 
DATA INSPECTION

Grain:
one observed penguin

Shape:
344 rows
7 columns

Columns:
['species', 'island', 'bill_length_mm', 'bill_depth_mm', 'flipper_length_mm', 'body_mass_g', 'sex']

2026-09-20 21:27:49 | INFO | P04 | -------------------------------
2026-09-20 21:27:49 | INFO | P04 | 03. CHECK data quality.
2026-09-20 21:27:49 | INFO | P04 | -------------------------------
2026-09-20 21:27:49 | DEBUG | P04 | 
              column    dtype  non_missing_count  missing_count  missing_pct  unique_count
0            species      str                344              0         0.00             3
1             island      str                344              0         0.00             3
2     bill_length_mm  float64                342              2         0.58           164
3      bill_depth_mm  float64                342              2         0.58            80
4  flipper_length_mm  float64                342              2         0.58            55
5        body_mass_g  float64                342              2         0.58            94
6                sex      str                333             11         3.20             2
2026-09-20 21:27:49 | INFO | P04 | 
              column    dtype  non_missing_count  missing_count  missing_pct  unique_count
0            species      str                344              0         0.00             3
1             island      str                344              0         0.00             3
2     bill_length_mm  float64                342              2         0.58           164
3      bill_depth_mm  float64                342              2         0.58            80
4  flipper_length_mm  float64                342              2         0.58            55
5        body_mass_g  float64                342              2         0.58            94
6                sex      str                333             11         3.20             2
2026-09-20 21:27:49 | DEBUG | P04 | 
sex                  11
bill_depth_mm         2
bill_length_mm        2
flipper_length_mm     2
body_mass_g           2
island                0
species               0
dtype: int64
2026-09-20 21:27:49 | INFO | P04 | 
Missing values:
sex                  11
bill_depth_mm         2
bill_length_mm        2
flipper_length_mm     2
body_mass_g           2
island                0
species               0
dtype: int64
2026-09-20 21:27:49 | INFO | P04 | Duplicate rows detected: 0
2026-09-20 21:27:49 | INFO | P04 | Duplicate rows: 0
2026-09-20 21:27:49 | INFO | P04 | -------------------------------
2026-09-20 21:27:49 | INFO | P04 | 04. DESCRIBE numeric variables.
2026-09-20 21:27:49 | INFO | P04 | -------------------------------
2026-09-20 21:27:49 | DEBUG | P04 | 
                   count         mean         std     min       25%      50%     75%     max
bill_length_mm     342.0    43.921930    5.459584    32.1    39.225    44.45    48.5    59.6
bill_depth_mm      342.0    17.151170    1.974793    13.1    15.600    17.30    18.7    21.5
flipper_length_mm  342.0   200.915205   14.061714   172.0   190.000   197.00   213.0   231.0
body_mass_g        342.0  4201.754386  801.954536  2700.0  3550.000  4050.00  4750.0  6300.0
2026-09-20 21:27:49 | INFO | P04 | 
                   count         mean         std     min       25%      50%     75%     max
bill_length_mm     342.0    43.921930    5.459584    32.1    39.225    44.45    48.5    59.6
bill_depth_mm      342.0    17.151170    1.974793    13.1    15.600    17.30    18.7    21.5
flipper_length_mm  342.0   200.915205   14.061714   172.0   190.000   197.00   213.0   231.0
body_mass_g        342.0  4201.754386  801.954536  2700.0  3550.000  4050.00  4750.0  6300.0
2026-09-20 21:27:49 | INFO | P04 | -------------------------------
2026-09-20 21:27:49 | INFO | P04 | 05. VISUALIZE distributions.
2026-09-20 21:27:49 | INFO | P04 | -------------------------------
2026-09-20 21:27:50 | INFO | P04 | -------------------------------
2026-09-20 21:27:50 | INFO | P04 | 06. EXPLORE relationships (e.g., between 2 numeric variables).
2026-09-20 21:27:50 | INFO | P04 | -------------------------------
2026-09-20 21:27:50 | INFO | P04 | Correlation between bill_length_mm and bill_depth_mm: -0.235
2026-09-20 21:27:50 | INFO | P04 | Correlation between bill_length_mm and bill_depth_mm: -0.235
2026-09-20 21:27:50 | INFO | P04 | -------------------------------
2026-09-20 21:27:50 | INFO | P04 | 07. SUMMARIZE what you found.
2026-09-20 21:27:50 | INFO | P04 | -------------------------------
2026-09-20 21:27:50 | INFO | P04 | CUSTOM OBSERVATIONS:
    The dataset contains penguin measurements.
    Some observations (rows) are complete, but some are missing values.

    I reviewed the relationship between:
    Bill length (mm) and Bill depth (mm) by species
    and it shows a positive relationship.

    Based on this EDA, I would next like to review additional
    relationships between other numeric variables.
    Marimo (reactive notebook cells) might be a good choice
    for additional exploration.
    
2026-09-20 21:27:50 | INFO | P04 | -------------------------------
2026-09-20 21:27:50 | INFO | P04 | 08. DISPLAY the charts.
2026-09-20 21:27:50 | INFO | P04 | -------------------------------
2026-09-20 21:27:50 | INFO | P04 | In a script, call plt.show() at the end to display all charts.
2026-09-20 21:27:50 | INFO | P04 | Close all chart windows (with the close button) to continue.
2026-09-20 21:31:49 | INFO | P04 | === RUN START ===
2026-09-20 21:31:49 | INFO | P04 | project=P04 - EXPLORATORY DATA ANALYSIS
2026-09-20 21:31:49 | INFO | P04 | repo_dir=datafun-04-eda
2026-09-20 21:31:49 | INFO | P04 | python=3.14.7
2026-09-20 21:31:49 | INFO | P04 | os=Windows 11
2026-09-20 21:31:49 | INFO | P04 | shell=powershell
2026-09-20 21:31:49 | INFO | P04 | cwd=.
2026-09-20 21:31:49 | INFO | P04 | github_actions=False
2026-09-20 21:31:49 | INFO | P04 | ===================================
2026-09-20 21:31:49 | INFO | P04 | START main()
2026-09-20 21:31:49 | INFO | P04 | ===================================
2026-09-20 21:31:49 | INFO | P04 | -------------------------------
2026-09-20 21:31:49 | INFO | P04 | 01. LOAD the data.
2026-09-20 21:31:49 | INFO | P04 | -------------------------------
2026-09-20 21:31:49 | INFO | P04 | Loading Seaborn dataset: penguins
2026-09-20 21:31:49 | INFO | P04 | Loaded: 344 rows, 7 columns
2026-09-20 21:31:49 | INFO | P04 | -------------------------------
2026-09-20 21:31:49 | INFO | P04 | 02. INSPECT the data.
2026-09-20 21:31:49 | INFO | P04 | -------------------------------
2026-09-20 21:31:49 | DEBUG | P04 | 
DATA INSPECTION

Grain:
one observed penguin

Shape:
344 rows
7 columns

Columns:
['species', 'island', 'bill_length_mm', 'bill_depth_mm', 'flipper_length_mm', 'body_mass_g', 'sex']

2026-09-20 21:31:49 | INFO | P04 | 
DATA INSPECTION

Grain:
one observed penguin

Shape:
344 rows
7 columns

Columns:
['species', 'island', 'bill_length_mm', 'bill_depth_mm', 'flipper_length_mm', 'body_mass_g', 'sex']

2026-09-20 21:31:49 | INFO | P04 | -------------------------------
2026-09-20 21:31:49 | INFO | P04 | 03. CHECK data quality.
2026-09-20 21:31:49 | INFO | P04 | -------------------------------
2026-09-20 21:31:49 | DEBUG | P04 | 
              column    dtype  non_missing_count  missing_count  missing_pct  unique_count
0            species      str                344              0         0.00             3
1             island      str                344              0         0.00             3
2     bill_length_mm  float64                342              2         0.58           164
3      bill_depth_mm  float64                342              2         0.58            80
4  flipper_length_mm  float64                342              2         0.58            55
5        body_mass_g  float64                342              2         0.58            94
6                sex      str                333             11         3.20             2
2026-09-20 21:31:49 | INFO | P04 | 
              column    dtype  non_missing_count  missing_count  missing_pct  unique_count
0            species      str                344              0         0.00             3
1             island      str                344              0         0.00             3
2     bill_length_mm  float64                342              2         0.58           164
3      bill_depth_mm  float64                342              2         0.58            80
4  flipper_length_mm  float64                342              2         0.58            55
5        body_mass_g  float64                342              2         0.58            94
6                sex      str                333             11         3.20             2
2026-09-20 21:31:49 | DEBUG | P04 | 
sex                  11
bill_depth_mm         2
bill_length_mm        2
flipper_length_mm     2
body_mass_g           2
island                0
species               0
dtype: int64
2026-09-20 21:31:49 | INFO | P04 | 
Missing values:
sex                  11
bill_depth_mm         2
bill_length_mm        2
flipper_length_mm     2
body_mass_g           2
island                0
species               0
dtype: int64
2026-09-20 21:31:49 | INFO | P04 | Duplicate rows detected: 0
2026-09-20 21:31:49 | INFO | P04 | Duplicate rows: 0
2026-09-20 21:31:49 | INFO | P04 | -------------------------------
2026-09-20 21:31:49 | INFO | P04 | 04. DESCRIBE numeric variables.
2026-09-20 21:31:49 | INFO | P04 | -------------------------------
2026-09-20 21:31:49 | DEBUG | P04 | 
                   count         mean         std     min       25%      50%     75%     max
bill_length_mm     342.0    43.921930    5.459584    32.1    39.225    44.45    48.5    59.6
bill_depth_mm      342.0    17.151170    1.974793    13.1    15.600    17.30    18.7    21.5
flipper_length_mm  342.0   200.915205   14.061714   172.0   190.000   197.00   213.0   231.0
body_mass_g        342.0  4201.754386  801.954536  2700.0  3550.000  4050.00  4750.0  6300.0
2026-09-20 21:31:49 | INFO | P04 | 
                   count         mean         std     min       25%      50%     75%     max
bill_length_mm     342.0    43.921930    5.459584    32.1    39.225    44.45    48.5    59.6
bill_depth_mm      342.0    17.151170    1.974793    13.1    15.600    17.30    18.7    21.5
flipper_length_mm  342.0   200.915205   14.061714   172.0   190.000   197.00   213.0   231.0
body_mass_g        342.0  4201.754386  801.954536  2700.0  3550.000  4050.00  4750.0  6300.0
2026-09-20 21:31:49 | INFO | P04 | -------------------------------
2026-09-20 21:31:49 | INFO | P04 | 05. VISUALIZE distributions.
2026-09-20 21:31:49 | INFO | P04 | -------------------------------
2026-09-20 21:31:50 | INFO | P04 | -------------------------------
2026-09-20 21:31:50 | INFO | P04 | 06. EXPLORE relationships (e.g., between 2 numeric variables).
2026-09-20 21:31:50 | INFO | P04 | -------------------------------
2026-09-20 21:31:50 | INFO | P04 | Correlation between bill_length_mm and bill_depth_mm: -0.235
2026-09-20 21:31:50 | INFO | P04 | Correlation between bill_length_mm and bill_depth_mm: -0.235
2026-09-20 21:31:50 | INFO | P04 | -------------------------------
2026-09-20 21:31:50 | INFO | P04 | 07. SUMMARIZE what you found.
2026-09-20 21:31:50 | INFO | P04 | -------------------------------
2026-09-20 21:31:50 | INFO | P04 | CUSTOM OBSERVATIONS:
    The dataset contains penguin measurements.
    Some observations (rows) are complete, but some are missing values.

    I reviewed the relationship between:
    Bill length (mm) and Bill depth (mm) by species
    and it shows a positive relationship.

    Based on this EDA, I would next like to review additional
    relationships between other numeric variables.
    Marimo (reactive notebook cells) might be a good choice
    for additional exploration.
    
2026-09-20 21:31:50 | INFO | P04 | -------------------------------
2026-09-20 21:31:50 | INFO | P04 | 08. DISPLAY the charts.
2026-09-20 21:31:50 | INFO | P04 | -------------------------------
2026-09-20 21:31:50 | INFO | P04 | In a script, call plt.show() at the end to display all charts.
2026-09-20 21:31:50 | INFO | P04 | Close all chart windows (with the close button) to continue.
2026-09-20 21:31:58 | INFO | P04 | ===================================
2026-09-20 21:31:58 | INFO | P04 | END main() - Executed successfully!
2026-09-20 21:31:58 | INFO | P04 | ===================================
